package main

import (
	"bytes"
	"fmt"
	"github.com/hajimehoshi/ebiten/v2"
	"github.com/hajimehoshi/ebiten/v2/audio"
	"github.com/hajimehoshi/ebiten/v2/colorm"
	"github.com/hajimehoshi/ebiten/v2/ebitenutil"
	"github.com/hajimehoshi/ebiten/v2/text/v2"
	"github.com/hajimehoshi/ebiten/v2/vector"
	"golang.org/x/image/font/gofont/goregular"
	"image"
	"image/color"
	_ "image/jpeg"
	"image/png"
	"log"
	"math"
	"math/rand/v2"
	"os"
	"reflect"
	"sort"
	"strconv"
	"strings"
	"unicode"
)

type _hgVec2 struct{ X, Y float64 }
type _hgRect struct{ Pos, Tamano _hgVec2 }
type _hgCamara2D struct {
	Pos, Origen    _hgVec2
	Zoom, Rotacion float64
}
type _hgConfigJuego struct {
	Ancho, Alto                        int64
	Titulo                             string
	Escala                             float64
	Redimensionable, Pantalla_completa bool
	Tps                                int64
}
type _hgColor = color.NRGBA
type _hgImagen struct {
	image  *ebiten.Image
	pixels *image.NRGBA
	dirty  bool
}
type _hgFuente struct{ source *text.GoTextFaceSource }
type _hgSonido struct{ pcm []byte }
type _hgReproduccion struct {
	player       *audio.Player
	sound        *_hgSonido
	loop, paused bool
	volume       float64
}
type _hgJuego interface {
	Actualizar(float64)
	Pintar()
	_cometa_public_Actualizar()
	_cometa_public_Pintar()
}
type _hgGame struct{ instancia _hgJuego }

var _hgconfig = _hgConfigJuego{320, 180, "Cometa", 1, false, false, 60}
var _hgrunStarted bool
var _hgscreen *ebiten.Image
var _hgcamara = _hgCamara2D{Zoom: 1}
var _hgplayers = map[*_hgReproduccion]bool{}
var _hgwhite *ebiten.Image
var _hgupdating bool
var _hgsalirPedido bool

func _hgsalir() { _hgsalirPedido = true }

var _hgtick uint64

func (g *_hgGame) Update() error {
	if _hgcapturaHecha {
		return ebiten.Termination
	}
	_hgtick++
	_hgupdating = true
	defer func() { _hgupdating = false }()
	g.instancia.Actualizar(1 / float64(_hgconfig.Tps))
	if _hgsalirPedido {
		return ebiten.Termination
	}
	for r := range _hgplayers {
		if !r.paused && !r.player.IsPlaying() {
			r.player.Close()
			r.player = nil
			delete(_hgplayers, r)
		}
	}
	return nil
}
func (g *_hgGame) Draw(screen *ebiten.Image) {
	_hgscreen = screen
	_hgsinRecorte = nil
	_hgrestablecerCamara()
	defer func() { _hgscreen = nil }()
	g.instancia.Pintar()
	_hgcapturar(screen)
}
func (*_hgGame) Layout(w, h int) (int, int) { return int(_hgconfig.Ancho), int(_hgconfig.Alto) }
func _hgvalidarConfig(c _hgConfigJuego) error {
	for _, n := range []float64{float64(c.Ancho), float64(c.Alto), c.Escala, float64(c.Tps), float64(c.Ancho) * c.Escala, float64(c.Alto) * c.Escala} {
		if math.IsNaN(n) || math.IsInf(n, 0) || n <= 0 || n > 32768 {
			return fmt.Errorf("configuración de juego inválida: dimensiones, escala y tps deben ser positivos y finitos (máximo 32768)")
		}
	}
	if float64(c.Ancho)*c.Escala < 1 || float64(c.Alto)*c.Escala < 1 {
		return fmt.Errorf("las dimensiones de ventana deben ser al menos un píxel")
	}
	return nil
}
func _hgadd(a, b _hgVec2) _hgVec2           { return _hgVec2{a.X + b.X, a.Y + b.Y} }
func _hgsub(a, b _hgVec2) _hgVec2           { return _hgVec2{a.X - b.X, a.Y - b.Y} }
func _hgscale(a _hgVec2, s float64) _hgVec2 { return _hgVec2{a.X * s, a.Y * s} }
func _hglongitud(v _hgVec2) float64         { return math.Hypot(v.X, v.Y) }
func _hgnormalizar(v _hgVec2) _hgVec2 {
	n := _hglongitud(v)
	if n == 0 {
		return _hgVec2{}
	}
	return _hgscale(v, 1/n)
}
func _hgdistancia(a, b _hgVec2) float64     { return _hglongitud(_hgsub(a, b)) }
func _hgproductoPunto(a, b _hgVec2) float64 { return a.X*b.X + a.Y*b.Y }
func _hganguloVec(v _hgVec2) float64        { return math.Atan2(v.Y, v.X) }
func _hginterpolarVec(a, b _hgVec2, t float64) _hgVec2 {
	return _hgVec2{a.X + (b.X-a.X)*t, a.Y + (b.Y-a.Y)*t}
}
func _hgreflejar(v, n _hgVec2) _hgVec2 {
	n = _hgnormalizar(n)
	d := 2 * (v.X*n.X + v.Y*n.Y)
	return _hgVec2{v.X - d*n.X, v.Y - d*n.Y}
}
func _hgperpendicular(v _hgVec2) _hgVec2 { return _hgVec2{-v.Y, v.X} }
func _hgrotar(v _hgVec2, a float64) _hgVec2 {
	s, c := math.Sincos(a)
	return _hgVec2{v.X*c - v.Y*s, v.X*s + v.Y*c}
}
func _hgabs(v float64) float64              { return math.Abs(v) }
func _hgmin(a, b float64) float64           { return math.Min(a, b) }
func _hgmax(a, b float64) float64           { return math.Max(a, b) }
func _hglimitar(v, a, b float64) float64    { return math.Max(a, math.Min(b, v)) }
func _hginterpolar(a, b, t float64) float64 { return a + (b-a)*t }
func _hgpiso(v float64) int64               { return _hentero(math.Floor(v)) }
func _hgtecho(v float64) int64              { return _hentero(math.Ceil(v)) }
func _hgredondear(v float64) int64          { return _hentero(math.Round(v)) }
func _hgabsEntero(v int64) int64 {
	if v < 0 {
		return -v
	}
	return v
}
func _hgminEntero(a, b int64) int64 {
	if a < b {
		return a
	}
	return b
}
func _hgmaxEntero(a, b int64) int64 {
	if a > b {
		return a
	}
	return b
}
func _hglimitarEntero(v, a, b int64) int64 { return _hgmaxEntero(a, _hgminEntero(b, v)) }
func _hgraiz(v float64) float64            { return math.Sqrt(v) }
func _hgseno(v float64) float64            { return math.Sin(v) }
func _hgcoseno(v float64) float64          { return math.Cos(v) }
func _hgatan2(y, x float64) float64        { return math.Atan2(y, x) }
func _hgtangente(v float64) float64        { return math.Tan(v) }
func _hgpotencia(b, e float64) float64     { return math.Pow(b, e) }
func _hgsigno(v float64) float64 {
	if v > 0 {
		return 1
	}
	if v < 0 {
		return -1
	}
	return 0
}
func _hgsignoEntero(v int64) int64 {
	if v > 0 {
		return 1
	}
	if v < 0 {
		return -1
	}
	return 0
}
func _hgdistanciaXY(x1, y1, x2, y2 float64) float64 { return math.Hypot(x2-x1, y2-y1) }
func _hganguloXY(x1, y1, x2, y2 float64) float64    { return math.Atan2(y2-y1, x2-x1) }
func _hgradianes(g float64) float64                 { return g * math.Pi / 180 }
func _hggrados(r float64) float64                   { return r * 180 / math.Pi }
func _hgazarReal(a, b float64) float64 {
	if math.IsNaN(a) || math.IsNaN(b) || math.IsInf(a, 0) || math.IsInf(b, 0) || a > b || math.IsInf(b-a, 0) {
		panic("rango aleatorio inválido")
	}
	return a + _hgazarGen.Float64()*(b-a)
}
func _hgdraw() {
	if _hgscreen == nil {
		panic("dibujar solo se permite desde pintar")
	}
}
func _hgcameraMatrix() ebiten.GeoM {
	var m ebiten.GeoM
	m.Translate(-_hgcamara.Pos.X, -_hgcamara.Pos.Y)
	m.Rotate(-_hgcamara.Rotacion)
	m.Scale(_hgcamara.Zoom, _hgcamara.Zoom)
	m.Translate(_hgcamara.Origen.X, _hgcamara.Origen.Y)
	return m
}
func _hgpoint(v _hgVec2) _hgVec2 {
	m := _hgcameraMatrix()
	x, y := m.Apply(v.X, v.Y)
	return _hgVec2{x, y}
}
func _hglimpiar(c _hgColor) { _hgdraw(); _hgscreen.Fill(c) }
func _hgrectangulo(p, s _hgVec2, c _hgColor, o _hgVec2, r float64) {
	_hgdraw()
	if _hgcamara.Rotacion == 0 && r == 0 {
		p = _hgpoint(_hgsub(p, o))
		vector.FillRect(_hgscreen, float32(p.X), float32(p.Y), float32(s.X*_hgcamara.Zoom), float32(s.Y*_hgcamara.Zoom), c, false)
		return
	}
	if _hgwhite == nil {
		_hgwhite = ebiten.NewImage(1, 1)
		_hgwhite.Fill(color.White)
	}
	op := &ebiten.DrawImageOptions{}
	op.GeoM = _hgtransform(p, o, s, r, true)
	op.ColorScale.ScaleWithColor(c)
	_hgscreen.DrawImage(_hgwhite, op)
}
func _hgcirculo(p _hgVec2, r float64, c _hgColor) {
	_hgdraw()
	p = _hgpoint(p)
	vector.FillCircle(_hgscreen, float32(p.X), float32(p.Y), float32(r*_hgcamara.Zoom), c, true)
}
func _hglinea(a, b _hgVec2, c _hgColor, w float64) {
	_hgdraw()
	a = _hgpoint(a)
	b = _hgpoint(b)
	vector.StrokeLine(_hgscreen, float32(a.X), float32(a.Y), float32(b.X), float32(b.Y), float32(w*_hgcamara.Zoom), c, true)
}
func _hgpintarImagen(img *ebiten.Image, m ebiten.GeoM, c, f _hgColor) {
	if f.A == 0 {
		op := &ebiten.DrawImageOptions{}
		op.GeoM = m
		op.ColorScale.ScaleWithColor(c)
		_hgscreen.DrawImage(img, op)
		return
	}
	var cm colorm.ColorM
	cm.Scale(float64(c.R)/255, float64(c.G)/255, float64(c.B)/255, float64(c.A)/255)
	k := float64(f.A) / 255
	cm.Scale(1-k, 1-k, 1-k, 1)
	cm.Translate(k*float64(f.R)/255, k*float64(f.G)/255, k*float64(f.B)/255, 0)
	op := &colorm.DrawImageOptions{}
	op.GeoM = m
	colorm.DrawImage(_hgscreen, img, cm, op)
}
func _hgimageDraw(img *ebiten.Image, p, o, s _hgVec2, r float64, c, f _hgColor) {
	_hgdraw()
	_hgpintarImagen(img, _hgtransform(p, o, s, r, false), c, f)
}
func _hgimagen(img *_hgImagen, p, o, s _hgVec2, r float64, c, f _hgColor) {
	_hgimageDraw(img.gpu(), p, o, s, r, c, f)
}
func _hgregion(img *_hgImagen, region _hgRect, p, o, s _hgVec2, r float64, c, f _hgColor) {
	_hgdraw()
	area := image.Rect(int(region.Pos.X), int(region.Pos.Y), int(region.Pos.X+region.Tamano.X), int(region.Pos.Y+region.Tamano.Y))
	if area.Empty() {
		return
	}
	_hgimageDraw(img.gpu().SubImage(area).(*ebiten.Image), p, o, s, r, c, f)
}
func _hgtexto(value string, font *_hgFuente, p _hgVec2, size float64, c _hgColor, o _hgVec2, r float64) {
	_hgdraw()
	op := &text.DrawOptions{}
	op.GeoM = _hgtransform(p, o, _hgVec2{1, 1}, r, true)
	op.ColorScale.ScaleWithColor(c)
	op.LineSpacing = size * 1.2
	text.Draw(_hgscreen, value, &text.GoTextFace{Source: font.source, Size: size}, op)
}
func _hgmedirTexto(value string, font *_hgFuente, size float64) _hgVec2 {
	w, h := text.Measure(value, &text.GoTextFace{Source: font.source, Size: size}, size*1.2)
	return _hgVec2{w, h}
}
func _hgtextoDepuracion(value string, p _hgVec2) {
	_hgdraw()
	ebitenutil.DebugPrintAt(_hgscreen, value, int(p.X), int(p.Y))
}
func _hgtamano() _hgVec2 { return _hgVec2{float64(_hgconfig.Ancho), float64(_hgconfig.Alto)} }
func _hgusarCamara(c _hgCamara2D) {
	_hgdraw()
	if c.Zoom <= 0 || math.IsNaN(c.Zoom) || math.IsInf(c.Zoom, 0) {
		panic("zoom debe ser positivo y finito")
	}
	_hgcamara = c
}
func _hgrestablecerCamara() { _hgdraw(); _hgcamara = _hgCamara2D{Zoom: 1} }
func _hgrectangulos(a, b _hgRect) bool {
	return a.Pos.X < b.Pos.X+b.Tamano.X && a.Pos.X+a.Tamano.X > b.Pos.X && a.Pos.Y < b.Pos.Y+b.Tamano.Y && a.Pos.Y+a.Tamano.Y > b.Pos.Y
}
func _hgcirculos(a _hgVec2, ra float64, b _hgVec2, rb float64) bool {
	return _hgdistancia(a, b) <= ra+rb
}
func _hgcentroRect(r _hgRect) _hgVec2 { return _hgVec2{r.Pos.X + r.Tamano.X/2, r.Pos.Y + r.Tamano.Y/2} }
func _hginterseccionRect(a, b _hgRect) _hgRect {
	x1 := math.Max(a.Pos.X, b.Pos.X)
	y1 := math.Max(a.Pos.Y, b.Pos.Y)
	x2 := math.Min(a.Pos.X+a.Tamano.X, b.Pos.X+b.Tamano.X)
	y2 := math.Min(a.Pos.Y+a.Tamano.Y, b.Pos.Y+b.Tamano.Y)
	if x2 <= x1 || y2 <= y1 {
		return _hgRect{}
	}
	return _hgRect{_hgVec2{x1, y1}, _hgVec2{x2 - x1, y2 - y1}}
}
func _hgdesplazadoRect(r _hgRect, d _hgVec2) _hgRect {
	return _hgRect{_hgVec2{r.Pos.X + d.X, r.Pos.Y + d.Y}, r.Tamano}
}
func _hgcirculoRect(r _hgRect, c _hgVec2, radio float64) bool {
	nx := math.Max(r.Pos.X, math.Min(c.X, r.Pos.X+r.Tamano.X))
	ny := math.Max(r.Pos.Y, math.Min(c.Y, r.Pos.Y+r.Tamano.Y))
	return math.Hypot(c.X-nx, c.Y-ny) <= radio
}
func _hgpuntoRectangulo(p _hgVec2, r _hgRect) bool {
	return p.X >= r.Pos.X && p.Y >= r.Pos.Y && p.X < r.Pos.X+r.Tamano.X && p.Y < r.Pos.Y+r.Tamano.Y
}

var _hgfuenteGo *_hgFuente

func _hgfuentePredeterminada() *_hgFuente {
	if _hgfuenteGo == nil {
		f, err := text.NewGoTextFaceSource(bytes.NewReader(goregular.TTF))
		if err != nil {
			log.Fatalf("fuente predeterminada: %v", err)
		}
		_hgfuenteGo = &_hgFuente{f}
	}
	return _hgfuenteGo
}
func (v _hgVec2) Longitud() float64                   { return _hglongitud(v) }
func (v _hgVec2) Normalizado() _hgVec2                { return _hgnormalizar(v) }
func (v _hgVec2) Distancia_a(otro _hgVec2) float64    { return _hgdistancia(v, otro) }
func (v _hgVec2) Producto_punto(otro _hgVec2) float64 { return _hgproductoPunto(v, otro) }
func (v _hgVec2) Rotado(angulo float64) _hgVec2       { return _hgrotar(v, angulo) }
func (v _hgVec2) Colision_circulo(radio float64, otro _hgVec2, radioOtro float64) bool {
	return _hgcirculos(v, radio, otro, radioOtro)
}
func (v _hgVec2) Angulo() float64                            { return _hganguloVec(v) }
func (v _hgVec2) Interpolar(otro _hgVec2, t float64) _hgVec2 { return _hginterpolarVec(v, otro, t) }
func (v _hgVec2) Reflejar(normal _hgVec2) _hgVec2            { return _hgreflejar(v, normal) }
func (v _hgVec2) Perpendicular() _hgVec2                     { return _hgperpendicular(v) }
func (r _hgRect) Centro() _hgVec2                            { return _hgcentroRect(r) }
func (r _hgRect) Interseccion(otro _hgRect) _hgRect          { return _hginterseccionRect(r, otro) }
func (r _hgRect) Desplazado(delta _hgVec2) _hgRect           { return _hgdesplazadoRect(r, delta) }
func (r _hgRect) Colision_circulo(centro _hgVec2, radio float64) bool {
	return _hgcirculoRect(r, centro, radio)
}
func (r _hgRect) Interseca(otro _hgRect) bool { return _hgrectangulos(r, otro) }
func (r _hgRect) Contiene(punto _hgVec2) bool { return _hgpuntoRectangulo(punto, r) }
func _hgrectanguloXY(x, y, w, h float64, c _hgColor, o _hgVec2, r float64) {
	_hgrectangulo(_hgVec2{x, y}, _hgVec2{w, h}, c, o, r)
}
func _hgrectanguloRect(rect _hgRect, c _hgColor, o _hgVec2, r float64) {
	_hgrectangulo(rect.Pos, rect.Tamano, c, o, r)
}
func _hgcirculoXY(x, y, r float64, c _hgColor) { _hgcirculo(_hgVec2{x, y}, r, c) }
func _hglineaXY(x1, y1, x2, y2 float64, c _hgColor, w float64) {
	_hglinea(_hgVec2{x1, y1}, _hgVec2{x2, y2}, c, w)
}
func _hgimagenXY(img *_hgImagen, x, y float64, o, s _hgVec2, r float64, c, f _hgColor) {
	_hgimagen(img, _hgVec2{x, y}, o, s, r, c, f)
}
func _hgregionXY(img *_hgImagen, region _hgRect, x, y float64, o, s _hgVec2, r float64, c, f _hgColor) {
	_hgregion(img, region, _hgVec2{x, y}, o, s, r, c, f)
}
func _hgtextoXY(v string, f *_hgFuente, x, y, size float64, c _hgColor, o _hgVec2, r float64) {
	_hgtexto(v, f, _hgVec2{x, y}, size, c, o, r)
}
func _hgtextoDepuracionXY(v string, x, y float64) { _hgtextoDepuracion(v, _hgVec2{x, y}) }
func _hgimageRect(img *ebiten.Image, d _hgRect, o _hgVec2, r float64, c, f _hgColor) {
	_hgdraw()
	bounds := img.Bounds()
	if bounds.Empty() {
		return
	}
	_hgpintarImagen(img, _hgtransform(d.Pos, o, _hgVec2{d.Tamano.X / float64(bounds.Dx()), d.Tamano.Y / float64(bounds.Dy())}, r, true), c, f)
}
func _hgimagenRect(img *_hgImagen, d _hgRect, o _hgVec2, r float64, c, f _hgColor) {
	_hgimageRect(img.gpu(), d, o, r, c, f)
}
func _hgregionRect(img *_hgImagen, source, d _hgRect, o _hgVec2, r float64, c, f _hgColor) {
	_hgdraw()
	area := image.Rect(int(source.Pos.X), int(source.Pos.Y), int(source.Pos.X+source.Tamano.X), int(source.Pos.Y+source.Tamano.Y))
	if area.Empty() {
		return
	}
	_hgimageRect(img.gpu().SubImage(area).(*ebiten.Image), d, o, r, c, f)
}

var _hgsinRecorte *ebiten.Image

func _hgrecortar(r _hgRect) {
	_hgdraw()
	if _hgsinRecorte == nil {
		_hgsinRecorte = _hgscreen
	}
	area := image.Rect(int(math.Floor(r.Pos.X)), int(math.Floor(r.Pos.Y)), int(math.Ceil(r.Pos.X+r.Tamano.X)), int(math.Ceil(r.Pos.Y+r.Tamano.Y))).Intersect(_hgsinRecorte.Bounds())
	_hgscreen = _hgsinRecorte.SubImage(area).(*ebiten.Image)
}
func _hgquitarRecorte() {
	_hgdraw()
	if _hgsinRecorte != nil {
		_hgscreen = _hgsinRecorte
		_hgsinRecorte = nil
	}
}
func _hgtransform(p, o, s _hgVec2, r float64, destinationOrigin bool) ebiten.GeoM {
	var m ebiten.GeoM
	if !destinationOrigin {
		m.Translate(-o.X, -o.Y)
	}
	m.Scale(s.X, s.Y)
	if destinationOrigin {
		m.Translate(-o.X, -o.Y)
	}
	m.Rotate(r)
	m.Translate(p.X, p.Y)
	m.Concat(_hgcameraMatrix())
	return m
}
func _hgejecutar(instancia _hgJuego, w, h int64, title string, scale float64, resize, full bool, tps int64, pixelado, retro bool) struct {
	tag      int
	payload2 string
} {
	fail := func(err error) struct {
		tag      int
		payload2 string
	} {
		return struct {
			tag      int
			payload2 string
		}{2, err.Error()}
	}
	config := _hgConfigJuego{w, h, title, scale, resize, full, tps}
	if err := _hgvalidarConfig(config); err != nil {
		return fail(err)
	}
	if _hgrunStarted {
		return fail(fmt.Errorf("Pincel solo permite ejecutar un juego una vez por proceso"))
	}
	var game ebiten.Game = &_hgGame{instancia: instancia}
	if retro {
		shader, err := ebiten.NewShader([]byte(_hgCRTSource))
		if err != nil {
			return fail(fmt.Errorf("no se pudo inicializar el efecto CRT: %w", err))
		}
		defer shader.Dispose()
		game = &_hgCRTGame{Game: game, shader: shader}
	}
	_hgrunStarted = true
	_hgconfig = config
	ebiten.SetWindowSize(int(float64(w)*scale), int(float64(h)*scale))
	ebiten.SetWindowTitle(title)
	ebiten.SetFullscreen(full)
	if resize {
		ebiten.SetWindowResizingMode(ebiten.WindowResizingModeEnabled)
	}
	ebiten.SetTPS(int(tps))
	ebiten.SetScreenFilterEnabled(!(pixelado || retro))
	if _hgcapturaRuta != "" {
		ebiten.SetWindowVisible(false)
		ebiten.SetRunnableOnUnfocused(true)
	}
	if err := ebiten.RunGame(game); err != nil {
		return fail(err)
	}
	return struct {
		tag      int
		payload2 string
	}{1, ""}
}
func (i *_hgImagen) gpu() *ebiten.Image {
	if i.image == nil {
		i.image = ebiten.NewImageFromImage(i.pixels)
		i.dirty = false
	}
	if i.dirty {
		i.image.WritePixels(_hgpremultiplicar(i.pixels.Pix))
		i.dirty = false
	}
	return i.image
}
func (i *_hgImagen) bounds() image.Rectangle {
	if i.pixels != nil {
		return i.pixels.Rect
	}
	return i.image.Bounds()
}
func _hgpremultiplicar(pix []byte) []byte {
	out := make([]byte, len(pix))
	for i := 0; i < len(pix); i += 4 {
		a := uint32(pix[i+3])
		out[i] = uint8(uint32(pix[i]) * a / 255)
		out[i+1] = uint8(uint32(pix[i+1]) * a / 255)
		out[i+2] = uint8(uint32(pix[i+2]) * a / 255)
		out[i+3] = pix[i+3]
	}
	return out
}

var _hgcapturaRuta string
var _hgcapturaCuadros uint64 = 1
var _hgcapturaEscala int64 = 1
var _hgcapturaHecha bool

func _hgcapturar(screen *ebiten.Image) {
	if _hgcapturaRuta == "" || _hgcapturaHecha || _hgtick < _hgcapturaCuadros {
		return
	}
	b := screen.Bounds()
	pix := make([]byte, 4*b.Dx()*b.Dy())
	screen.ReadPixels(pix)
	shot := &image.RGBA{Pix: pix, Stride: 4 * b.Dx(), Rect: image.Rect(0, 0, b.Dx(), b.Dy())}
	if err := _hgescribirPNG(shot, _hgcapturaRuta, _hgcapturaEscala); err != nil {
		log.Fatalf("captura: %v", err)
	}
	_hgcapturaHecha = true
}

var _hgazarGen = rand.New(rand.NewPCG(rand.Uint64(), rand.Uint64()))

type _hgHoja struct {
	img                *_hgImagen
	cw, ch, cols, rows int64
}

func _hghoja(img *_hgImagen, cw, ch int64) *_hgHoja {
	b := img.bounds()
	w, h := int64(b.Dx()), int64(b.Dy())
	if cw <= 0 || ch <= 0 {
		panic("graficos.hoja: el tamaño de cada cuadro debe ser positivo")
	}
	if cw > w || ch > h {
		panic(fmt.Sprintf("graficos.hoja: un cuadro de %dx%d no cabe en una imagen de %dx%d", cw, ch, w, h))
	}
	return &_hgHoja{img, cw, ch, w / cw, h / ch}
}
func _hgcuadros(h *_hgHoja) int64        { return h.cols * h.rows }
func _hgtamanoCuadro(h *_hgHoja) _hgVec2 { return _hgVec2{float64(h.cw), float64(h.ch)} }
func _hgcuadro(h *_hgHoja, i int64, p, o, s _hgVec2, r float64, c _hgColor, espejoH, espejoV bool, f _hgColor) {
	if i < 0 || i >= h.cols*h.rows {
		return
	}
	if espejoH {
		s.X = -s.X
		o.X = float64(h.cw) - o.X
	}
	if espejoV {
		s.Y = -s.Y
		o.Y = float64(h.ch) - o.Y
	}
	src := _hgRect{_hgVec2{float64((i % h.cols) * h.cw), float64((i / h.cols) * h.ch)}, _hgVec2{float64(h.cw), float64(h.ch)}}
	_hgregion(h.img, src, p, o, s, r, c, f)
}
func _hgcuadroXY(h *_hgHoja, i int64, x, y float64, o, s _hgVec2, r float64, c _hgColor, espejoH, espejoV bool, f _hgColor) {
	_hgcuadro(h, i, _hgVec2{x, y}, o, s, r, c, espejoH, espejoV, f)
}
func (c _hgCamara2D) zoom() float64 {
	if !(c.Zoom > 0) || math.IsInf(c.Zoom, 0) {
		panic("zoom debe ser positivo y finito")
	}
	return c.Zoom
}
func (c _hgCamara2D) A_mundo(p _hgVec2) _hgVec2 {
	return _hgadd(_hgrotar(_hgscale(_hgsub(p, c.Origen), 1/c.zoom()), c.Rotacion), c.Pos)
}
func (c _hgCamara2D) A_pantalla(p _hgVec2) _hgVec2 {
	return _hgadd(_hgscale(_hgrotar(_hgsub(p, c.Pos), -c.Rotacion), c.zoom()), c.Origen)
}
func (c _hgCamara2D) Siguiendo(objetivo _hgVec2, suavizado float64) _hgCamara2D {
	if math.IsNaN(suavizado) {
		panic("suavizado inválido")
	}
	c.Pos = _hgadd(c.Pos, _hgscale(_hgsub(objetivo, c.Pos), _hglimitar(suavizado, 0, 1)))
	return c
}
func (c _hgCamara2D) Visible() _hgRect {
	s := _hgtamano()
	x0, y0, x1, y1 := math.Inf(1), math.Inf(1), math.Inf(-1), math.Inf(-1)
	for _, q := range []_hgVec2{{0, 0}, {s.X, 0}, {0, s.Y}, {s.X, s.Y}} {
		p := c.A_mundo(q)
		x0, y0, x1, y1 = math.Min(x0, p.X), math.Min(y0, p.Y), math.Max(x1, p.X), math.Max(y1, p.Y)
	}
	return _hgRect{_hgVec2{x0, y0}, _hgVec2{x1 - x0, y1 - y0}}
}
func (c _hgCamara2D) Limitada(mundo _hgRect) _hgCamara2D {
	z, s := c.zoom(), _hgtamano()
	eje := func(pos, origen, pantalla, inicio, largo float64) float64 {
		ancho := pantalla / z
		izq := pos - origen/z
		if ancho >= largo {
			izq = inicio + (largo-ancho)/2
		} else {
			izq = _hglimitar(izq, inicio, inicio+largo-ancho)
		}
		return izq + origen/z
	}
	c.Pos = _hgVec2{eje(c.Pos.X, c.Origen.X, s.X, mundo.Pos.X, mundo.Tamano.X), eje(c.Pos.Y, c.Origen.Y, s.Y, mundo.Pos.Y, mundo.Tamano.Y)}
	return c
}
func (c _hgCamara2D) Sacudida(intensidad float64) _hgCamara2D {
	if !(intensidad > 0) || math.IsInf(intensidad, 0) {
		return c
	}
	c.Pos = _hgadd(c.Pos, _hgVec2{_hgazarReal(-intensidad, intensidad), _hgazarReal(-intensidad, intensidad)})
	return c
}
func _hgescribirPNG(src image.Image, ruta string, escala int64) error {
	if escala <= 0 || escala > 64 {
		return fmt.Errorf("la escala debe estar entre 1 y 64")
	}
	b := src.Bounds()
	out := image.NewNRGBA(image.Rect(0, 0, b.Dx()*int(escala), b.Dy()*int(escala)))
	for y := 0; y < out.Rect.Dy(); y++ {
		for x := 0; x < out.Rect.Dx(); x++ {
			out.Set(x, y, src.At(b.Min.X+x/int(escala), b.Min.Y+y/int(escala)))
		}
	}
	f, err := os.Create(ruta)
	if err != nil {
		return err
	}
	if err = png.Encode(f, out); err != nil {
		f.Close()
		return err
	}
	return f.Close()
}

type _hgCRTGame struct {
	ebiten.Game
	shader *ebiten.Shader
}

func (g *_hgCRTGame) DrawFinalScreen(screen ebiten.FinalScreen, offscreen *ebiten.Image, geoM ebiten.GeoM) {
	op := &ebiten.DrawRectShaderOptions{}
	op.Images[0] = offscreen
	op.GeoM = geoM
	op.Uniforms = map[string]any{"Scale": float32(math.Abs(geoM.Element(0, 0)))}
	size := offscreen.Bounds().Size()
	screen.DrawRectShader(size.X, size.Y, g.shader, op)
}

const _hgCRTSource = `//kage:unit pixels
package main

var Scale float

func Fragment(dst vec4, src vec2, color vec4) vec4 {
 origin := imageSrc0Origin()
 size := imageSrc0Size()
 local := src - origin
 // Sampling at texel centers preserves the pixelated source at every scale.
 c := imageSrc0At(origin + floor(local) + vec2(0.5))
 detail := clamp((Scale - 1.0) / 2.0, 0.0, 1.0)
 scan := 1.0 - 0.12 * detail * (0.5 + 0.5 * cos(local.y * 6.2831853))
 mask := vec3(1.0)
 column := mod(floor(dst.x), 3.0)
 if column < 1.0 {
  mask = vec3(1.0, 1.0-0.04*detail, 1.0-0.04*detail)
 } else if column < 2.0 {
  mask = vec3(1.0-0.04*detail, 1.0, 1.0-0.04*detail)
 } else {
  mask = vec3(1.0-0.04*detail, 1.0-0.04*detail, 1.0)
 }
 p := local / size * 2.0 - 1.0
 vignette := 1.0 - 0.05 * clamp(dot(p,p), 0.0, 2.0)
 return vec4(c.rgb * mask * scan * vignette, c.a)
}
`

func (_hgCamara2D) _cometa_public_A_mundo()      {}
func (_hgCamara2D) _cometa_public_A_pantalla()   {}
func (_hgCamara2D) _cometa_public_Limitada()     {}
func (_hgCamara2D) _cometa_public_Sacudida()     {}
func (_hgCamara2D) _cometa_public_Siguiendo()    {}
func (_hgCamara2D) _cometa_public_Visible()      {}
func (_hgRect) _cometa_public_Centro()           {}
func (_hgRect) _cometa_public_Colision_circulo() {}
func (_hgRect) _cometa_public_Contiene()         {}
func (_hgRect) _cometa_public_Desplazado()       {}
func (_hgRect) _cometa_public_Interseca()        {}
func (_hgRect) _cometa_public_Interseccion()     {}
func (_hgVec2) _cometa_public_Angulo()           {}
func (_hgVec2) _cometa_public_Colision_circulo() {}
func (_hgVec2) _cometa_public_Distancia_a()      {}
func (_hgVec2) _cometa_public_Interpolar()       {}
func (_hgVec2) _cometa_public_Longitud()         {}
func (_hgVec2) _cometa_public_Normalizado()      {}
func (_hgVec2) _cometa_public_Perpendicular()    {}
func (_hgVec2) _cometa_public_Producto_punto()   {}
func (_hgVec2) _cometa_public_Reflejar()         {}
func (_hgVec2) _cometa_public_Rotado()           {}

var _hsenumNombres = map[string][]string{}

func _hsimprimir(args ...any) {
	parts := make([]string, len(args))
	for i, a := range args {
		parts[i] = _hsformato(reflect.ValueOf(a), false, 0)
	}
	fmt.Println(strings.Join(parts, " "))
}

func _hsformato(v reflect.Value, nested bool, depth int) string {
	if !v.IsValid() {
		return "nada"
	}
	if depth > 6 {
		return "..."
	}
	switch v.Kind() {
	case reflect.Bool:
		if v.Bool() {
			return "verdadero"
		}
		return "falso"
	case reflect.String:
		if nested {
			return strconv.Quote(v.String())
		}
		return v.String()
	case reflect.Int, reflect.Int8, reflect.Int16, reflect.Int32, reflect.Int64:
		return strconv.FormatInt(v.Int(), 10)
	case reflect.Float32, reflect.Float64:
		return strconv.FormatFloat(v.Float(), 'g', -1, 64)
	case reflect.Interface:
		if v.IsNil() {
			return "nada"
		}
		return _hsformato(v.Elem(), nested, depth)
	case reflect.Slice:
		items := make([]string, v.Len())
		for i := range items {
			items[i] = _hsformato(v.Index(i), true, depth+1)
		}
		return "[" + strings.Join(items, ", ") + "]"
	case reflect.Map:
		if v.Len() == 0 {
			return "[:]"
		}
		keys := v.MapKeys()
		sort.Slice(keys, func(i, j int) bool {
			a, b := keys[i], keys[j]
			switch a.Kind() {
			case reflect.String:
				return a.String() < b.String()
			case reflect.Bool:
				return !a.Bool() && b.Bool()
			}
			return a.Int() < b.Int()
		})
		items := make([]string, len(keys))
		for i, k := range keys {
			items[i] = _hsformato(k, true, depth+1) + ": " + _hsformato(v.MapIndex(k), true, depth+1)
		}
		return "[" + strings.Join(items, ", ") + "]"
	case reflect.Ptr:
		if !v.IsNil() && v.Elem().Kind() == reflect.Struct {
			return _hsformato(v.Elem(), nested, depth)
		}
	case reflect.Struct:
		t := v.Type()
		if t.NumField() > 0 && t.Field(0).Name == "tag" {
			if t.Name() != "" {
				base := t.Name()
				if i := strings.Index(base, "["); i >= 0 {
					base = base[:i]
				}
				if names, ok := _hsenumNombres[base]; ok {
					tag := int(v.Field(0).Int())
					if tag >= 1 && tag < len(names) && names[tag] != "" {
						text := names[0] + "." + names[tag]
						if f := v.FieldByName("payload" + strconv.Itoa(tag)); f.IsValid() {
							text += "(" + _hsformato(f, true, depth+1) + ")"
						}
						return text
					}
				}
			} else if f := v.FieldByName("payload2"); f.IsValid() {
				if v.Field(0).Int() == 2 {
					return "Error(" + _hsformato(f, true, depth+1) + ")"
				}
				if ok := v.FieldByName("payload1"); ok.IsValid() {
					return "Ok(" + _hsformato(ok, true, depth+1) + ")"
				}
				return "Ok"
			}
		}
		if t.Name() == "" && t.NumField() == 2 && t.Field(0).Name == "tag" && t.Field(1).Name == "payload1" {
			if v.Field(0).Int() != 1 {
				return "Ninguno"
			}
			return "Alguno(" + _hsformato(v.Field(1), true, depth+1) + ")"
		}
		if t.Name() != "" && t.Field(0).Name != "tag" {
			items := make([]string, 0, t.NumField())
			for i := 0; i < t.NumField(); i++ {
				name := []rune(t.Field(i).Name)
				name[0] = unicode.ToLower(name[0])
				items = append(items, string(name)+": "+_hsformato(v.Field(i), true, depth+1))
			}
			name := t.Name()
			if i := strings.Index(name, "["); i >= 0 {
				name = name[:i]
			}
			return name + " {" + strings.Join(items, ", ") + "}"
		}
	}
	return fmt.Sprint(v)
}

func _hentero(v float64) int64 {
	if v != v || v < -9223372036854775808.0 || v >= 9223372036854775808.0 {
		panic("conversión a entero inválida: valor no finito o fuera del rango de entero")
	}
	return int64(v)
}

type Jugador struct {
	Pos _hgVec2
	Vel _hgVec2
}

type Partida struct {
}

func (*Partida) _cometa_public_Actualizar() {}
func (*Partida) _cometa_public_Pintar()     {}

var CometaGlobal_6a756761646f72 *Jugador = func() *Jugador {
	var _cometa1 *Jugador = &Jugador{Pos: _hgVec2{}, Vel: _hgVec2{}}
	return _cometa1
}()

func (_self *Partida) Actualizar(dt float64) {
	var _cometa3 *Jugador = CometaGlobal_6a756761646f72
	_cometa2 := &(_cometa3.Pos)
	var _cometa4 *Jugador = CometaGlobal_6a756761646f72
	var _cometa5 _hgVec2 = _cometa4.Pos
	var _cometa6 *Jugador = CometaGlobal_6a756761646f72
	var _cometa7 _hgVec2 = _cometa6.Vel
	var _cometa8 float64 = dt
	var _cometa9 _hgVec2 = _hgscale(_cometa7, _cometa8)
	var _cometa10 _hgVec2 = _hgadd(_cometa5, _cometa9)
	*_cometa2 = _cometa10
}

func (_self *Partida) Pintar() {
	var _cometa11 *Jugador = CometaGlobal_6a756761646f72
	var _cometa12 _hgVec2 = _cometa11.Pos
	var _cometa13 float64 = float64(10)
	var _cometa14 float64 = float64(10)
	var _cometa15 _hgVec2 = _hgVec2{X: _cometa13, Y: _cometa14}
	var _cometa16 _hgColor = _hgColor{255, 0, 0, 255}
	var _cometa17 _hgVec2 = _hgVec2{}
	var _cometa18 float64 = float64(0)
	_hgrectangulo(_cometa12, _cometa15, _cometa16, _cometa17, _cometa18)
}

func main() {
	var _cometa19 _hgJuego = &Partida{}
	var _cometa20 int64 = 320
	var _cometa21 int64 = 180
	var _cometa22 string = "Cometa"
	var _cometa23 float64 = float64(1)
	var _cometa24 bool = false
	var _cometa25 bool = false
	var _cometa26 int64 = 60
	var _cometa27 bool = false
	var _cometa28 bool = false
	var _cometa29 struct {
		tag      int
		payload2 string
	} = _hgejecutar(_cometa19, _cometa20, _cometa21, _cometa22, _cometa23, _cometa24, _cometa25, _cometa26, _cometa27, _cometa28)
	if _cometa29.tag == 1 {
	} else {
		error := _cometa29.payload2
		_cometa30 := _hsimprimir
		var _cometa31 string = error
		_cometa30(_cometa31)
	}
}
